.venv\Scripts\python.exe : 2026-01-23 01:28:55,478 - INFO 
- \U0001f680 Starting Integration Tests...
At line:1 char:1
+ .venv\Scripts\python.exe 
execution/run_integration_tests.py --backend ...
+ ~~~~~~~~~~~~~~~~~~~~~~~~~~~~~~~~~~~~~~~~~~~~~~~~~~~~~~~~
~~~~~~~~~~~~~
    + CategoryInfo          : NotSpecified: (2026-01-23 0 
   1:2...ration Tests...:String) [], RemoteException
    + FullyQualifiedErrorId : NativeCommandError
 
2026-01-23 01:28:55,491 - INFO - Checking Backend health 
at http://localhost:8081...
2026-01-23 01:28:57,591 - INFO - \u2705 Backend is 
healthy (endpoint: /)
2026-01-23 01:28:57,591 - INFO - Checking Frontend health 
at http://localhost:3002...
2026-01-23 01:28:59,669 - INFO - \u2705 Frontend is 
healthy (endpoint: /health)
2026-01-23 01:28:59,669 - INFO - Verifying Frontend Proxy 
(Frontend -> Backend)...
2026-01-23 01:28:59,697 - ERROR - \u274c Proxy 
verification failed: Status 400
2026-01-23 01:28:59,697 - ERROR - Response body: 
{"error":"ValidationError","message":"2 validation errors 
for HealthCheckResponse\nchecks.memory_percent\n  Input 
should be a valid boolean [type=bool_type, 
input_value=73.9, input_type=float]\n    For further 
information visit https://errors.pydantic.dev/2.12/v/bool_
type\nchecks.disk_percent\n  Input should be a valid 
boolean [type=bool_type, input_value=None, 
input_type=NoneType]\n    For further information visit ht
tps://errors.pydantic.dev/2.12/v/bool_type","timestamp":"2
026-01-22T19:58:59.689379Z","request_id":"unknown","path":
"/api/v1/health","traceback":"Traceback (most recent call 
last):\n  File \"C:\\Users\\Khwaish\\.vscode\\CorruptionRe
portingResearch\\backend\\api\\middleware.py\", line 279, 
in dispatch\n    return await call_next(request)\n        
   ^^^^^^^^^^^^^^^^^^^^^^^^\n  File \"C:\\Users\\Khwaish\\
.vscode\\CorruptionReportingResearch\\.venv\\Lib\\site-pac
kages\\starlette\\middleware\\base.py\", line 168, in 
call_next\n    raise app_exc from app_exc.__cause__ or 
app_exc.__context__\n  File \"C:\\Users\\Khwaish\\.vscode\
\CorruptionReportingResearch\\.venv\\Lib\\site-packages\\s
tarlette\\middleware\\base.py\", line 144, in coro\n    
await self.app(scope, receive_or_disconnect, 
send_no_error)\n  File \"C:\\Users\\Khwaish\\.vscode\\Corr
uptionReportingResearch\\.venv\\Lib\\site-packages\\starle
tte\\middleware\\gzip.py\", line 29, in __call__\n    
await responder(scope, receive, send)\n  File \"C:\\Users\
\Khwaish\\.vscode\\CorruptionReportingResearch\\.venv\\Lib
\\site-packages\\starlette\\middleware\\gzip.py\", line 
130, in __call__\n    await super().__call__(scope, 
receive, send)\n  File \"C:\\Users\\Khwaish\\.vscode\\Corr
uptionReportingResearch\\.venv\\Lib\\site-packages\\starle
tte\\middleware\\gzip.py\", line 46, in __call__\n    
await self.app(scope, receive, 
self.send_with_compression)\n  File \"C:\\Users\\Khwaish\\
.vscode\\CorruptionReportingResearch\\.venv\\Lib\\site-pac
kages\\starlette\\middleware\\cors.py\", line 85, in 
__call__\n    await self.app(scope, receive, send)\n  
File \"C:\\Users\\Khwaish\\.vscode\\CorruptionReportingRes
earch\\.venv\\Lib\\site-packages\\starlette\\middleware\\e
xceptions.py\", line 63, in __call__\n    await 
wrap_app_handling_exceptions(self.app, conn)(scope, 
receive, send)\n  File \"C:\\Users\\Khwaish\\.vscode\\Corr
uptionReportingResearch\\.venv\\Lib\\site-packages\\starle
tte\\_exception_handler.py\", line 53, in wrapped_app\n   
 raise exc\n  File \"C:\\Users\\Khwaish\\.vscode\\Corrupti
onReportingResearch\\.venv\\Lib\\site-packages\\starlette\
\_exception_handler.py\", line 42, in wrapped_app\n    
await app(scope, receive, sender)\n  File \"C:\\Users\\Khw
aish\\.vscode\\CorruptionReportingResearch\\.venv\\Lib\\si
te-packages\\fastapi\\middleware\\asyncexitstack.py\", 
line 18, in __call__\n    await self.app(scope, receive, 
send)\n  File \"C:\\Users\\Khwaish\\.vscode\\CorruptionRep
ortingResearch\\.venv\\Lib\\site-packages\\starlette\\rout
ing.py\", line 716, in __call__\n    await 
self.middleware_stack(scope, receive, send)\n  File \"C:\\
Users\\Khwaish\\.vscode\\CorruptionReportingResearch\\.ven
v\\Lib\\site-packages\\starlette\\routing.py\", line 736, 
in app\n    await route.handle(scope, receive, send)\n  
File \"C:\\Users\\Khwaish\\.vscode\\CorruptionReportingRes
earch\\.venv\\Lib\\site-packages\\starlette\\routing.py\",
 line 290, in handle\n    await self.app(scope, receive, 
send)\n  File \"C:\\Users\\Khwaish\\.vscode\\CorruptionRep
ortingResearch\\.venv\\Lib\\site-packages\\fastapi\\routin
g.py\", line 115, in app\n    await 
wrap_app_handling_exceptions(app, request)(scope, 
receive, send)\n  File \"C:\\Users\\Khwaish\\.vscode\\Corr
uptionReportingResearch\\.venv\\Lib\\site-packages\\starle
tte\\_exception_handler.py\", line 53, in wrapped_app\n   
 raise exc\n  File \"C:\\Users\\Khwaish\\.vscode\\Corrupti
onReportingResearch\\.venv\\Lib\\site-packages\\starlette\
\_exception_handler.py\", line 42, in wrapped_app\n    
await app(scope, receive, sender)\n  File \"C:\\Users\\Khw
aish\\.vscode\\CorruptionReportingResearch\\.venv\\Lib\\si
te-packages\\fastapi\\routing.py\", line 101, in app\n    
response = await f(request)\n               
^^^^^^^^^^^^^^^^\n  File \"C:\\Users\\Khwaish\\.vscode\\Co
rruptionReportingResearch\\.venv\\Lib\\site-packages\\fast
api\\routing.py\", line 355, in app\n    raw_response = 
await run_endpoint_function(\n                   
^^^^^^^^^^^^^^^^^^^^^^^^^^^^\n  File \"C:\\Users\\Khwaish\
\.vscode\\CorruptionReportingResearch\\.venv\\Lib\\site-pa
ckages\\fastapi\\routing.py\", line 243, in 
run_endpoint_function\n    return await 
dependant.call(**values)\n           
^^^^^^^^^^^^^^^^^^^^^^^^^^^^^^\n  File \"C:\\Users\\Khwais
h\\.vscode\\CorruptionReportingResearch\\backend\\api\\hea
lth.py\", line 176, in health_check\n    return 
schemas.HealthCheckResponse(\n           
^^^^^^^^^^^^^^^^^^^^^^^^^^^^\n  File \"C:\\Users\\Khwaish\
\.vscode\\CorruptionReportingResearch\\.venv\\Lib\\site-pa
ckages\\pydantic\\main.py\", line 250, in __init__\n    
validated_self = 
self.__pydantic_validator__.validate_python(data, 
self_instance=self)\n                     ^^^^^^^^^^^^^^^^
^^^^^^^^^^^^^^^^^^^^^^^^^^^^^^^^^^^^^^^^^^^^^^^^^^^^^\npyd
antic_core._pydantic_core.ValidationError: 2 validation 
errors for HealthCheckResponse\nchecks.memory_percent\n  
Input should be a valid boolean [type=bool_type, 
input_value=73.9, input_type=float]\n    For further 
information visit https://errors.pydantic.dev/2.12/v/bool_
type\nchecks.disk_percent\n  Input should be a valid 
boolean [type=bool_type, input_value=None, 
input_type=NoneType]\n    For further information visit ht
tps://errors.pydantic.dev/2.12/v/bool_type\n","proxy":{"fr
ontend_url":"http://localhost:3002","backend_url":"http://
localhost:8081","latency_ms":22}}
